// Jest Snapshot v1, https://goo.gl/fbAQLP

exports[`shapshot 1`] = `
<div
  className="css-lp0ag7"
/>
`;
